单字关键字总数 64
全部: 与且为之乘于从余例假减出列则到加匹否在宏对导己常幂并异引当或承抛捕接掷断是末模步段父现的真空等类终自至若设试跃跳过返遍配长除非首
  in _P0A_OP      : 与为之乘于减加在幂除
  in compound_safe: 乘余例减出列则到加对常引接断是末模段的真空类自试跳过配长除首
  in 值字面量      : 假真空
  余下（通用规则候选，27）: 且从匹否宏导己并异当或承抛捕掷步父现等终至若设跃返遍非

语料 .light 文件：764
基线（TAM=['己']）完成

== 逐条「加入 TAM」的语料影响 ==
  且: 零变化（274 文件含该字）
  从: 零变化（459 文件含该字）
  匹: 零变化（136 文件含该字）
  否: 零变化（322 文件含该字）
  宏: 零变化（7 文件含该字）
  导: 零变化（568 文件含该字）
  己: 已在表内，跳过
  并: 零变化（258 文件含该字）
  异: 零变化（251 文件含该字）
  当: 零变化（394 文件含该字）
  或: 零变化（252 文件含该字）
  承: 零变化（104 文件含该字）
  抛: 零变化（455 文件含该字）
  捕: 零变化（241 文件含该字）
  掷: 零变化（5 文件含该字）
  步: 零变化（122 文件含该字）
  父: 零变化（74 文件含该字）
  现: 零变化（291 文件含该字）
  等: 零变化（561 文件含该字）
  终: 零变化（127 文件含该字）
  至: 零变化（41 文件含该字）
  若: 零变化（110 文件含该字）
  设: 零变化（694 文件含该字）
  跃: 零变化（35 文件含该字）
  返: 零变化（592 文件含该字）
  遍: 零变化（273 文件含该字）
  非: 零变化（348 文件含该字）
  → 非中立候选 0 条：

== 整体通用规则（27 条）vs 现状 ==
  语料 token 变化文件数：0
