语料 764 文件；CCW 184 条
基线 dump 完成
[1/184] FFI禁用调试: 冗余（1 文件零变化，①builtin_map）
[2/184] FFI获取日志: 冗余（1 文件零变化，①builtin_map）
[3/184] FFI调试: 冗余（1 文件零变化，①builtin_map）
[4/184] FFI错误: 冗余（1 文件零变化，①builtin_map）
[5/184] std: 冗余（119 文件零变化，③无映射）
[6/184] 一次性: 冗余（17 文件零变化，③无映射）
[7/184] 三合一: 语料0命中 + 隔离中立 ⇒ 冗余
[8/184] 乘客: 语料0命中 + 隔离中立 ⇒ 冗余
[9/184] 乘法: 冗余（7 文件零变化，③无映射）
[10/184] 乘积: 冗余（1 文件零变化，③无映射）
[11/184] 乘除: 冗余（3 文件零变化，③无映射）
[12/184] 二进制: 冗余（16 文件零变化，①builtin_map）
[13/184] 二选一: 冗余（2 文件零变化，③无映射）
[14/184] 伽马函数: 语料0命中 + 隔离中立 ⇒ 冗余
[15/184] 位与: 冗余（2 文件零变化，②其它映射）
[16/184] 位取反: 语料0命中 + 隔离中立 ⇒ 冗余
[17/184] 位域获取: 冗余（1 文件零变化，①builtin_map）
[18/184] 位域设置: 冗余（1 文件零变化，①builtin_map）
[19/184] 位异或: 语料0命中 但隔离**非**中立 ⇒ 护栏
[20/184] 位或: 冗余（1 文件零变化，②其它映射）
[21/184] 位非: 冗余（1 文件零变化，②其它映射）
[22/184] 低级关闭: 护栏 —— 变化 3/3 文件 ['stdlib\\伪终端.light', 'stdlib\\路径护栏.light', 'stdlib\\进程树.light']
[23/184] 低级写: 冗余（3 文件零变化，①builtin_map）
[24/184] 低级打开: 冗余（1 文件零变化，①builtin_map）
[25/184] 低级读: 冗余（2 文件零变化，①builtin_map）
[26/184] 余切: 语料0命中 + 隔离中立 ⇒ 冗余
[27/184] 余弦: 冗余（6 文件零变化，①builtin_map）
[28/184] 倍数: 冗余（6 文件零变化，③无映射）
[29/184] 值列表: 冗余（9 文件零变化，③无映射）
[30/184] 值错误: 冗余（7 文件零变化，②其它映射）
[31/184] 停止迭代: 语料0命中 + 隔离中立 ⇒ 冗余
[32/184] 元素列表: 冗余（1 文件零变化，③无映射）
[33/184] 八进制: 冗余（1 文件零变化，③无映射）
[34/184] 内存错误: 语料0命中 + 隔离中立 ⇒ 冗余
[35/184] 减少: 冗余（2 文件零变化，③无映射）
[36/184] 减弱: 语料0命中 + 隔离中立 ⇒ 冗余
[37/184] 减速: 语料0命中 + 隔离中立 ⇒ 冗余
[38/184] 函数: 冗余（235 文件零变化，③无映射）
[39/184] 函数对象: 冗余（4 文件零变化，③无映射）
[40/184] 分配内存: 冗余（1 文件零变化，①builtin_map）
[41/184] 创建任务: 冗余（9 文件零变化，①builtin_map）
[42/184] 创建函数指针: 冗余（1 文件零变化，①builtin_map）
[43/184] 创建回调: 冗余（1 文件零变化，①builtin_map）
[44/184] 创建数组: 冗余（1 文件零变化，①builtin_map）
[45/184] 创建类型别名: 冗余（1 文件零变化，①builtin_map）
[46/184] 初值: 冗余（8 文件零变化，③无映射）
[47/184] 加入: 冗余（4 文件零变化，③无映射）
[48/184] 加减: 冗余（4 文件零变化，③无映射）
[49/184] 加强: 冗余（2 文件零变化，③无映射）
[50/184] 加快: 冗余（1 文件零变化，③无映射）
[51/184] 十六进制: 冗余（39 文件零变化，①builtin_map）
[52/184] 十进制: 冗余（6 文件零变化，③无映射）
[53/184] 千分位: 冗余（1 文件零变化，③无映射）
[54/184] 协: 冗余（62 文件零变化，③无映射）
[55/184] 协方差: 冗余（2 文件零变化，③无映射）
[56/184] 历史记录: 冗余（2 文件零变化，③无映射）
[57/184] 压缩模: 语料0命中 + 隔离中立 ⇒ 冗余
[58/184] 去除: 冗余（79 文件零变化，③无映射）
[59/184] 参数列表: 冗余（11 文件零变化，①builtin_map）
[60/184] 反余弦: 冗余（2 文件零变化，①builtin_map）
[61/184] 反正切: 冗余（3 文件零变化，①builtin_map）
[62/184] 反正切2: 冗余（3 文件零变化，①builtin_map）
[63/184] 反正弦: 冗余（1 文件零变化，①builtin_map）
[64/184] 取地址: 冗余（5 文件零变化，①builtin_map）
[65/184] 右移: 冗余（1 文件零变化，②其它映射）
[66/184] 各加: 语料0命中 + 隔离中立 ⇒ 冗余
[67/184] 名称列表: 冗余（1 文件零变化，③无映射）
[68/184] 向上取整: 冗余（4 文件零变化，①builtin_map）
[69/184] 向下取整: 冗余（6 文件零变化，①builtin_map）
[70/184] 四舍五入: 冗余（6 文件零变化，①builtin_map）
[71/184] 均值: 冗余（13 文件零变化，③无映射）
[72/184] 外部错误: 语料0命中 + 隔离中立 ⇒ 冗余
[73/184] 定义宏: 冗余（1 文件零变化，①builtin_map）
[74/184] 导入错误: 语料0命中 但隔离**非**中立 ⇒ 护栏
[75/184] 属性错误: 冗余（1 文件零变化，②其它映射）
[76/184] 左移: 冗余（1 文件零变化，②其它映射）
[77/184] 常数: 冗余（5 文件零变化，③无映射）
[78/184] 常量时间比较: 语料0命中 但隔离**非**中立 ⇒ 护栏
[79/184] 幂次: 冗余（1 文件零变化，③无映射）
[80/184] 平方根: 冗余（11 文件零变化，①builtin_map）
[81/184] 年级当量: 语料0命中 + 隔离中立 ⇒ 冗余
[82/184] 并发等待: 冗余（5 文件零变化，①builtin_map）
[83/184] 库路径: 冗余（1 文件零变化，③无映射）
[84/184] 应当: 语料0命中 但隔离**非**中立 ⇒ 护栏
[85/184] 开启调试: 语料0命中 但隔离**非**中立 ⇒ 护栏
[86/184] 异步写入文件: 语料0命中 但隔离**非**中立 ⇒ 护栏
[87/184] 异步睡眠: 冗余（15 文件零变化，①builtin_map）
[88/184] 异步读取文件: 语料0命中 但隔离**非**中立 ⇒ 护栏
[89/184] 异步追加文件: 语料0命中 但隔离**非**中立 ⇒ 护栏
[90/184] 当前: 冗余（206 文件零变化，③无映射）
[91/184] 当然: 冗余（1 文件零变化，③无映射）
[92/184] 循环迭代: 语料0命中 + 隔离中立 ⇒ 冗余
[93/184] 总人数: 冗余（1 文件零变化，③无映射）
[94/184] 总次数: 语料0命中 + 隔离中立 ⇒ 冗余
[95/184] 总资产增长: 语料0命中 + 隔离中立 ⇒ 冗余
[96/184] 指针偏移: 冗余（1 文件零变化，①builtin_map）
[97/184] 按值传递: 语料0命中 + 隔离中立 ⇒ 冗余
[98/184] 推迟: 冗余（4 文件零变化，③无映射）
[99/184] 收缩: 冗余（4 文件零变化，③无映射）
[100/184] 教育年龄: 语料0命中 + 隔离中立 ⇒ 冗余
[101/184] 数字列表: 冗余（5 文件零变化，③无映射）
[102/184] 数据聚合函数: 语料0命中 + 隔离中立 ⇒ 冗余
[103/184] 文件列表: 冗余（6 文件零变化，③无映射）
[104/184] 文件错误: 冗余（2 文件零变化，②其它映射）
[105/184] 文本前缀: 冗余（1 文件零变化，③无映射）
[106/184] 断言错误: 语料0命中 + 隔离中立 ⇒ 冗余
[107/184] 方差: 冗余（3 文件零变化，③无映射）
[108/184] 方差和: 冗余（2 文件零变化，③无映射）
[109/184] 星期一: 冗余（1 文件零变化，③无映射）
[110/184] 星期三: 冗余（1 文件零变化，③无映射）
[111/184] 星期二: 冗余（1 文件零变化，③无映射）
[112/184] 星期五: 冗余（1 文件零变化，③无映射）
[113/184] 星期六: 冗余（1 文件零变化，③无映射）
[114/184] 星期四: 冗余（1 文件零变化，③无映射）
[115/184] 星期日: 冗余（1 文件零变化，③无映射）
[116/184] 是空: 冗余（36 文件零变化，①builtin_map）
[117/184] 最大公约数: 冗余（1 文件零变化，①builtin_map）
[118/184] 最小公倍数: 语料0命中 + 隔离中立 ⇒ 冗余
[119/184] 最终答案: 语料0命中 但隔离**非**中立 ⇒ 护栏
[120/184] 最长公共子序列: 冗余（2 文件零变化，③无映射）
[121/184] 期值: 语料0命中 + 隔离中立 ⇒ 冗余
[122/184] 枚举值: 冗余（3 文件零变化，③无映射）
[123/184] 标准差: 冗余（4 文件零变化，③无映射）
[124/184] 模式: 冗余（144 文件零变化，③无映射）
[125/184] 正则匹配: 护栏 —— 变化 2/8 文件 ['examples\\web_crawler\\crawler.light', 'examples\\web_crawler\\主.light']
[126/184] 注册回调: 冗余（1 文件零变化，①builtin_map）
[127/184] 注销回调: 冗余（1 文件零变化，①builtin_map）
[128/184] 测试_生成问候语: 语料0命中 但隔离**非**中立 ⇒ 护栏
[129/184] 清除: 冗余（11 文件零变化，③无映射）
[130/184] 溢出错误: 冗余（3 文件零变化，②其它映射）
[131/184] 状态码错误: 语料0命中 + 隔离中立 ⇒ 冗余
[132/184] 环境枚举: 护栏 —— 变化 2/3 文件 ['stdlib\\路径护栏.light', 'stdlib\\进程树.light']
[133/184] 环节1: 语料0命中 + 隔离中立 ⇒ 冗余
[134/184] 环节2: 语料0命中 + 隔离中立 ⇒ 冗余
[135/184] 生成分析: 语料0命中 但隔离**非**中立 ⇒ 护栏
[136/184] 生成问候语: 语料0命中 但隔离**非**中立 ⇒ 护栏
[137/184] 百分位: 冗余（4 文件零变化，③无映射）
[138/184] 百分比格式: 语料0命中 + 隔离中立 ⇒ 冗余
[139/184] 目标函数: 冗余（2 文件零变化，③无映射）
[140/184] 社会福利: 语料0命中 + 隔离中立 ⇒ 冗余
[141/184] 类型错误: 冗余（6 文件零变化，②其它映射）
[142/184] 系统错误: 冗余（1 文件零变化，②其它映射）
[143/184] 系统错误码: 冗余（1 文件零变化，①builtin_map）
[144/184] 索引错误: 语料0命中 + 隔离中立 ⇒ 冗余
[145/184] 终点: 冗余（18 文件零变化，③无映射）
[146/184] 结构体值: 冗余（1 文件零变化，③无映射）
[147/184] 编译正则表达式: 冗余（2 文件零变化，③无映射）
[148/184] 获取回调: 冗余（1 文件零变化，①builtin_map）
[149/184] 获取宏: 冗余（1 文件零变化，①builtin_map）
[150/184] 行列表: 冗余（18 文件零变化，③无映射）
[151/184] 解引用: 冗余（2 文件零变化，①builtin_map）
[152/184] 记录列表: 冗余（6 文件零变化，③无映射）
[153/184] 记录类型: 语料0命中 但隔离**非**中立 ⇒ 护栏
[154/184] 记录调用: 冗余（2 文件零变化，③无映射）
[155/184] 设指针: 冗余（1 文件零变化，③无映射）
[156/184] 设指针值: 冗余（1 文件零变化，①builtin_map）
[157/184] 设系统: 冗余（1 文件零变化，③无映射）
[158/184] 设系统错误码: 冗余（1 文件零变化，①builtin_map）
[159/184] 设置: 冗余（137 文件零变化，②其它映射）
[160/184] 设置数组: 冗余（1 文件零变化，①builtin_map）
[161/184] 误差函数: 语料0命中 + 隔离中立 ⇒ 冗余
[162/184] 贝塔函数: 语料0命中 + 隔离中立 ⇒ 冗余
[163/184] 财务配股价格: 语料0命中 + 隔离中立 ⇒ 冗余
[164/184] 跨平台库: 语料0命中 + 隔离中立 ⇒ 冗余
[165/184] 输入文本: 冗余（4 文件零变化，③无映射）
[166/184] 过滤模: 语料0命中 + 隔离中立 ⇒ 冗余
[167/184] 运行时错误: 冗余（10 文件零变化，②其它映射）
[168/184] 迭代停止: 语料0命中 + 隔离中立 ⇒ 冗余
[169/184] 追加: 冗余（316 文件零变化，①builtin_map）
[170/184] 追踪内存: 语料0命中 + 隔离中立 ⇒ 冗余
[171/184] 递归错误: 语料0命中 + 隔离中立 ⇒ 冗余
[172/184] 配置文件路径: 冗余（1 文件零变化，③无映射）
[173/184] 释放内存: 冗余（1 文件零变化，①builtin_map）
[174/184] 键列表: 冗余（86 文件零变化，③无映射）
[175/184] 键错误: 冗余（6 文件零变化，②其它映射）
[176/184] 限时: 冗余（11 文件零变化，①builtin_map）
[177/184] 除法: 冗余（11 文件零变化，③无映射）
[178/184] 除非: 冗余（6 文件零变化，③无映射）
[179/184] 随机整数: 冗余（10 文件零变化，①builtin_map）
[180/184] 随机浮点: 冗余（2 文件零变化，①builtin_map）
[181/184] 随机选择: 冗余（3 文件零变化，①builtin_map）
[182/184] 零除错误: 语料0命中 但隔离**非**中立 ⇒ 护栏
[183/184] 项目列表: 语料0命中 + 隔离中立 ⇒ 冗余
[184/184] 首个完成: 冗余（3 文件零变化，①builtin_map）

冗余 167 条 / 护栏 17 条
冗余: FFI禁用调试 FFI获取日志 FFI调试 FFI错误 std 一次性 三合一 乘客 乘法 乘积 乘除 二进制 二选一 伽马函数 位与 位取反 位域获取 位域设置 位或 位非 低级写 低级打开 低级读 余切 余弦 倍数 值列表 值错误 停止迭代 元素列表 八进制 内存错误 减少 减弱 减速 函数 函数对象 分配内存 创建任务 创建函数指针 创建回调 创建数组 创建类型别名 初值 加入 加减 加强 加快 十六进制 十进制 千分位 协 协方差 历史记录 压缩模 去除 参数列表 反余弦 反正切 反正切2 反正弦 取地址 右移 各加 名称列表 向上取整 向下取整 四舍五入 均值 外部错误 定义宏 属性错误 左移 常数 幂次 平方根 年级当量 并发等待 库路径 异步睡眠 当前 当然 循环迭代 总人数 总次数 总资产增长 指针偏移 按值传递 推迟 收缩 教育年龄 数字列表 数据聚合函数 文件列表 文件错误 文本前缀 断言错误 方差 方差和 星期一 星期三 星期二 星期五 星期六 星期四 星期日 是空 最大公约数 最小公倍数 最长公共子序列 期值 枚举值 标准差 模式 注册回调 注销回调 清除 溢出错误 状态码错误 环节1 环节2 百分位 百分比格式 目标函数 社会福利 类型错误 系统错误 系统错误码 索引错误 终点 结构体值 编译正则表达式 获取回调 获取宏 行列表 解引用 记录列表 记录调用 设指针 设指针值 设系统 设系统错误码 设置 设置数组 误差函数 贝塔函数 财务配股价格 跨平台库 输入文本 过滤模 运行时错误 迭代停止 追加 追踪内存 递归错误 配置文件路径 释放内存 键列表 键错误 限时 除法 除非 随机整数 随机浮点 随机选择 项目列表 首个完成
护栏: 位异或 低级关闭 导入错误 常量时间比较 应当 开启调试 异步写入文件 异步读取文件 异步追加文件 最终答案 正则匹配 测试_生成问候语 环境枚举 生成分析 生成问候语 记录类型 零除错误
